[    0.000000]Intilizingcgou subsys puet
[    0.000000] Initlizingcgousubsys cpu
[    0.00000] Initializing cgroupsubsys cpucc
    0.000000] Linux version 4.4.0-138-generic (buildd@lcy01-amd64-006) (gcc version 5.4.0 20160609 (Ubuntu 5.4.0-6ubuntu1~16.04.10) ) #164-Ubuntu SMP Tue Oct 2 17:16:02 UTC 2018 (Ubuntu 4.4.0-138.164-generic 4.4.155)
[    0.000000] Command line: BOOT_IMAGE=/boot/vmlinuz-4.4.0-138-generic root=UUID=b69fcaa8-51c4-4097-b089-4973e52fd39b ro console=tty1 console=ttyS0
[    0.000000] KERNEL supported cpus:
[    0.000000  Intel eninIntel
[    0.000000]   AMD AuthenticAMD
[    0.000000]   Centaur CentaurHauls
[    0.000000] x86/fpu: xstate_offset[2]:  576, xstate_sizes[2]:  256
[    0.000000] x86/fpu: Supporting XSAVE feature 0x01: 'x87 floating point registers'
[    0.000000] x86/fpu: Supporting XSAVE feature 0x02: 'SSE registers'
[    0.000000] x86/fpu: Supporting XSAVE feature 0x04: 'AVX registers'
[    0.000000] x86/fpu: Enabled xstate features 0x7, context size is 832 bytes, using 'standard' format.
[    0.000000] e820: BIS-provided physical RAM map:
[    0.000000] BIOS-e820: [mem 0x0000000000000000-0x000000000009fbff] usable
[    0.000000] BIOS-e820: [mem 0x000000000009fc00-0x000000000009ffff] reserved
[    0.000000] BIOS-e820: [mem 0x00000000000f0000-0x00000000000fffff] reserved
[    0.000000] BIOS-e820: [mem 0x0000000000100000-0x000000003ffeffff] usable
[    0.000000] BIOS-e820: [mem 0x000000003fff0000-0x000000003fffffff] ACPI data
[    0.000000] BIOS-e820: [mem 0x00000000fec00000-0x00000000fec00fff] reserved
[    0.000000] BIOS-e820: [mem 0x00000000fee00000-0x00000000fee00fff] reserved
[    0.000000] BIOS-e820: [mem 0x00000000fffc00000x000000ffffffff] reserved
[    0.000000] NX (Execute Disable) protection: active
[    0.000000] SMBIOS 2.5 present.
[    0.000000] Hypervisor detected: KVM
[    0.000000] e820: last_pfn = 0x3fff0 max_arch_pfn = 0x400000000
[    0.000000] MTRR: Disabled
[    0.000000] x86/PAT: MTRRs disabled, skipping PAT initialization too.
[    0.00000] CU TRs all lank - virtualized system.
[    000000] x86/PAT: Configuration [0-7]: WB  WT  UC- UC  WB  WT  UC- UC  
[    0.000000] found SMP MP-table at [mem 0x0009fff0-0x0009ffff] mapped at [ffff88000009fff0]
[    0.000000] Scanning 1 areas for low memory ccorruption
[    0.000000] RAMDISK: [mem 0x361f2000-0x370f0fff]
[    0.000000] ACPI: Early table checksum verification disabled
[    0.000000] ACPI: RSDP 0x00000000000E0000 000024 (v02 VBOX  )
[    0.000000] ACPI: XSDT 0x000000003FFF0030 00003C (v01 VBOX   VBOXXSDT 00000001 ASL  00000061)
[    0.000000] ACPI: FACP 000000003FFF00F0 0000F4 (v04 VBOX   VBOXFACP 00000001 ASL  00000061)
[    0.000000] ACPI: DSDT 0x000000003FFF0470 0021FF (v02 VBOX   VBOXBIOS 00000002 INTL 20100528)
[    0.000000] ACPI: FACS 0x000000003FFF0200 000040
[    0.000000] ACPI: FACS 0x000000003FFF0200 000040
[    0.000000] ACPI: APIC 0x000000003FFF0240 00005C (v02 VBOX   VBOXAPIC 00000001 ASL  00000061)
[    0.000000] ACPI: SSDT 0x000000003FFF02A0 0001CC (v01 VBOX   VBOXCPUT 00000002 INTL 20100528)
[    0.000000] No NUMA configuration found
[    0.000000] Faking a node at [mem 0x0000000000000000-0x000000003ffeffff]
[    0.000000] NODE_DATA(0) allocated [mem 0x3ffeb000-0x3ffeffff]
[    0.000000] kvm-clock: Using msrs 4b564d01 and 4b564d00
[    0.000000] kvm-clock: cpu 0, msr 0:3ffe3001, primary cpu clock
[    0.000000] kvm-clock: using sched offset of 3480254455 cycles
[    0.000000] clocksource: kvm-clock: mask: 0xffffffffffffffff max_cycles: 0x1cdd42e4dffb, max_idle_ns: 881590591483 ns
[    0.000000] Zone ranges:
[    0.000000]   DMA      [mem 0x0000000000001000-0x0000000000ffffff]
[    0.000000]   DMA32    [mem 0x0000000001000000-0x000000003ffeffff]
[    0.000000]   Normal   empty
[    0.000000]   Device   empty
[    0.000000] Movable zone start for each node
[    0.000000] Early memory node ranges
[    0.000000]   node   0: [mem 0x0000000000001000-0x000000000009efff]
[    0.000000]   node   0: [mem 0x0000000000100000-0x000000003ffeffff]
[    0.000000] Initmem setup node 0 [mem 0x0000000000001000-0x000000003ffeffff]
[    0.000000] ACPI: PM-Timer IO Port: 0x4008
[    0.000000] IOAPIC[0]: apic_id 2, version 32, address 0xfec00000, GSI 0-23
[    0.000000] ACPI: INT_SRC_OVR (bus 0 bus_irq 0 global_irq 2 dfl dfl)
[    0.000000] ACPI: INT_SRC_OVR (bus 0 bus_irq 9 global_irq 9 low level)
[    0.000000] Using ACPI (MADT) for SMP configuration information
[    0.000000] smpboot: Allowing 2 CPUs, 0 hotplug CPUs
[    0.000000] PM: Registered nosave memory: [mem 0x00000000-0x00000fff]
[    0.000000] PM: Registered nosave memory: [mem 0x0009f000-0x0009ffff]
[    0.000000] PM: Registered nosave memory: [mem 0x000a0000-0x000effff]
[    0.000000] PM: Registered nosave memory: [mem 0x000f0000-0x000fffff]
[    0.000000] e820: [mem 0x40000000-0xfebfffff] available for PCI devices
[    0.000000] Booting paravirtualized kernel on KVM
[    0.000000] clocksource: refined-jiffies: mask: 0xffffffff max_cycles: 0xffffffff, max_idle_ns: 7645519600211568 ns
[    0.000000] setup_percpu: NR_CPUS:512 nr_cpumask_bits:512 nr_cpu_ids:2 nr_node_ids:1
[    0.000000] PERCPU: Embedded 34 pages/cpu @ffff88003fc00000 s99608 r8192 d31464 u1048576
[    0.000000] PV qspinlock hash table entries: 256 (order: 0, 4096 bytes)
[    0.000000] Built 1 zonelists in Node order, mobility grouping on.  Total pages: 257912
[    0.000000] Policy zone: DMA32
[    0.000000] Kernel command line: BOOT_IMAGE=/boot/vmlinuz-4.4.0-138-generic root=UUID=b69fcaa8-51c4-4097-b089-4973e52fd39b ro console=tty1 console=ttyS0
[    0.000000] PID hash table entries: 4096 (order: 3, 32768 bytes)
[    0.000000] Memory: 997148K/1048120K available (8563K kernel code, 1314K rwdata, 4004K rodata, 1528K init, 1316K bss, 50972K reserved, 0K cma-reserved)
[    0.000000] SLUB: HWalign=64, Order=0-3, MinObjects=0, CPUs=2, Nodes=1
[    0.000000] Kernel/User page tables isolation: enabled
[    0.000000] Hierarchical RCU implementation.
[    0.000000] 	Build-time adjustment of leaf fanout to 64.
[    0.000000] 	RCU restricting CPUs from NR_CPUS=512 to nr_cpu_ids=2.
[    0.000000] RCU: Adjusting geometry for rcu_fanout_leaf=64, nr_cpu_ids=2
[    0.000000] NR_IRQS:33024 nr_irqs:440 16
[    0.000000] Console: colour VGA+ 80x25
[    0.000000] console [tty1] enabled
[    0.000000] console [ttyS0] enabled
[    0.000000] tsc: Detected 2808.070 MHz processor
[    1.068394] Calibrating delay loop (skipped) preset value.. 5616.14 BogoMIPS (lpj=11232280)
[    1.070783] pid_max: default: 32768 minimum: 301
[    1.072110] ACPI: Core revision 20150930
[    1.074567] ACPI: 2 ACPI AML tables successfully acquired and loaded
[    1.076508] Security Framework initialized
[    1.077680] Yama: becoming mindful.
[    1.078736] AppArmor: AppArmor initialized
[    1.080030] Dentry cache hash table entries: 131072 (order: 8, 1048576 bytes)
[    1.082610] Inode-cache hash table entries: 65536 (order: 7, 524288 bytes)
[    1.084627] Mount-cache hash table entries: 2048 (order: 2, 16384 bytes)
[    1.086420] Mountpoint-cache hash table entries: 2048 (order: 2, 16384 bytes)
[    1.089178] Initializing cgroup subsys io
[    1.090422] Initializing cgroup subsys memory
[    1.091824] Initializing cgroup subsys devices
[    1.093198] Initializing cgroup subsys freezer
[    1.101592] Initializing cgroup subsys net_cls
[    1.103071] Initializing cgroup subsys perf_event
[    1.104708] Initializing cgroup subsys net_prio
[    1.106190] Initializing cgroup subsys hugetlb
[    1.107651] Initializing cgroup subsys pids
[    1.110214] mce: CPU supports 0 MCE banks
[    1.111590] Last level iTLB entries: 4KB 64, 2MB 8, 4MB 8
[    1.113261] Last level dTLB entries: 4KB 64, 2MB 0, 4MB 0, 1GB 4
[    1.115022] Spectre V2 : Mitigation: Full generic retpoline
[    1.116824] Spectre V2 : Spectre v2 mitigation: Speculation control IBPB not-supported IBRS not-supported
[    1.119100] Spectre V2 : Spectre v2 / SpectreRSB mitigation: Filling RSB on context switch
[    1.121690] Speculative Store Bypass: Vulnerable
[    1.125620] Freeing SMP alternatives memory: 32K
[    1.136431] ftrace: allocating 32278 entries in 127 pages
[    1.209380] smpboot: APIC(0) Converting physical 0 to logical package 0
[    1.336127] smpboot: Max logical packages: 1
[    1.417509] x2apic enabled
[    1.418945] Switched APIC routing to physical x2apic.
[    1.422443] ..TIMER: vector=0x30 apic1=0 pin1=2 apic2=-1 pin2=-1
[    1.531249] smpboot: CPU0: Intel(R) Core(TM) i7-6600U CPU @ 2.60GHz (family: 0x6, model: 0x4e, stepping: 0x3)
[    1.534314] Performance Events: unsupported p6 CPU model 78 no PMU driver, software events only.
[    1.536987] KVM setup paravirtual spinlock
[    1.539085] x86: Booting SMP configuration:
[    1.540339] .... node  #0, CPUs:      #1
[    1.541541] kvm-clock: cpu 1, msr 0:3ffe3041, secondary cpu clock
[    1.543536] mce: CPU supports 0 MCE banks
[    1.546364] x86: Booted up 1 node, 2 CPUs
[    1.548513] smpboot: Total of 2 processors activated (11232.28 BogoMIPS)
[    1.550119] devtmpfs: initialized
[    1.554039] evm: security.selinux
[    1.555871] evm: security.SMACK64
[    1.559770] evm: security.SMACK64EXEC
[    1.560561] evm: security.SMACK64TRANSMUTE
[    1.561406] evm: security.SMACK64MMAP
[    1.562200] evm: security.ima
[    1.568161] evm: security.capability
[    1.569121] clocksource: jiffies: mask: 0xffffffff max_cycles: 0xffffffff, max_idle_ns: 7645041785100000 ns
[    1.570969] futex hash table entries: 512 (order: 3, 32768 bytes)
[    1.573282] pinctrl core: initialized pinctrl subsystem
[    1.574415] RTC time: 15:20:59, date: 11/14/18
[    1.577282] NET: Registered protocol family 16
[    1.587257] cpuidle: using governor ladder
[    1.599261] cpuidle: using governor menu
[    1.600571] PCCT header not found.
[    1.601800] ACPI: bus type PCI registered
[    1.603119] acpiphp: ACPI Hot Plug PCI Controller Driver version: 0.5
[    1.605226] PCI: Using configuration type 1 for base access
[    1.620083] ACPI: Added _OSI(Module Device)
[    1.621469] ACPI: Added _OSI(Processor Device)
[    1.622891] ACPI: Added _OSI(3.0 _SCP Extensions)
[    1.624399] ACPI: Added _OSI(Processor Aggregator Device)
[    1.626922] ACPI: Executed 1 blocks of module-level executable AML code
[    1.631841] ACPI: Interpreter enabled
[    1.633086] ACPI: (supports S0 S5)
[    1.634253] ACPI: Using IOAPIC for interrupt routing
[    1.635657] PCI: Using host bridge windows from ACPI; if necessary, use "pci=nocrs" and report a bug
[    1.644681] ACPI: PCI Root Bridge [PCI0] (domain 0000 [bus 00-ff])
[    1.647786] acpi PNP0A03:00: _OSC: OS supports [ASPM ClockPM Segments MSI]
[    1.651873] acpi PNP0A03:00: _OSC: not requesting OS control; OS requires [ExtendedConfig ASPM ClockPM MSI]
[    1.653727] acpi PNP0A03:00: fail to add MMCONFIG information, can't access extended PCI configuration space under this bridge.
[    1.657210] PCI host bridge to bus 0000:00
[    1.659489] pci_bus 0000:00: root bus resource [io  0x0000-0x0cf7 window]
[    1.660777] pci_bus 0000:00: root bus resource [io  0x0d00-0xffff window]
[    1.661985] pci_bus 0000:00: root bus resource [mem 0x000a0000-0x000bffff window]
[    1.664599] pci_bus 0000:00: root bus resource [mem 0x40000000-0xfdffffff window]
[    1.679692] pci_bus 0000:00: root bus resource [bus 00-ff]
[    1.682655] pci 0000:00:01.1: legacy IDE quirk: reg 0x10: [io  0x01f0-0x01f7]
[    1.685009] pci 0000:00:01.1: legacy IDE quirk: reg 0x14: [io  0x03f6]
[    1.687986] pci 0000:00:01.1: legacy IDE quirk: reg 0x18: [io  0x0170-0x0177]
[    1.691795] pci 0000:00:01.1: legacy IDE quirk: reg 0x1c: [io  0x0376]
[    1.722791] pci 0000:00:07.0: quirk: [io  0x4000-0x403f] claimed by PIIX4 ACPI
[    1.725249] pci 0000:00:07.0: quirk: [io  0x4100-0x410f] claimed by PIIX4 SMB
[    1.737952] ACPI: PCI Interrupt Link [LNKA] (IRQs 5 9 10 *11)
[    1.740509] ACPI: PCI Interrupt Link [LNKB] (IRQs 5 9 *10 11)
[    1.742774] ACPI: PCI Interrupt Link [LNKC] (IRQs 5 *9 10 11)
[    1.745425] ACPI: PCI Interrupt Link [LNKD] (IRQs 5 9 10 *11)
[    1.747101] ACPI: Enabled 2 GPEs in block 00 to 07
[    1.752678] vgaarb: setting as boot device: PCI:0000:00:02.0
[    1.764512] vgaarb: device added: PCI:0000:00:02.0,decodes=io+mem,owns=io+mem,locks=none
[    1.766502] vgaarb: loaded
[    1.771337] vgaarb: bridge control possible 0000:00:02.0
[    1.772965] SCSI subsystem initialized
[    1.777378] ACPI: bus type USB registered
[    1.778838] usbcore: registered new interface driver usbfs
[    1.780751] usbcore: registered new interface driver hub
[    1.782631] usbcore: registered new device driver usb
[    1.785351] PCI: Using ACPI for IRQ routing
[    1.787260] NetLabel: Initializing
[    1.788463] NetLabel:  domain hash size = 128
[    1.789836] NetLabel:  protocols = UNLABELED CIPSOv4
[    1.791387] NetLabel:  unlabeled traffic allowed by default
[    1.793998] amd_nb: Cannot enumerate AMD northbridges
[    1.797193] clocksource: Switched to clocksource kvm-clock
[    1.808838] AppArmor: AppArmor Filesystem Enabled
[    1.810716] pnp: PnP ACPI init
[    1.812986] pnp: PnP ACPI: found 3 devices
[    182080] clocksource: acpi_pm: mask: 0xffffff max_cycles: 0xffffff, max_idle_ns: 2085701024 ns
[    1.868810] NET: Registered protocol family 2

[    1.869716] TCP established hash table entries: 8192 (order: 4, 65536 bytes)
[    1.870825] TCP bind hash table entries: 8192 (order: 5, 131072 bytes)
[    1.871835] TCP: Hash tables configured (established 8192 bind 8192)
[    1.872820] UDP hash table entries: 512 (order: 2, 16384 bytes)
[    1.873765] UDP-Lite hash table entries: 512 (order: 2, 16384 bytes)
[    1.874768] NET: Registered protocol family 1
[    1.875519] pci 0000:00:00.0: Limiting direct PCI/PCI transfers
[    1.876460] pci 0000:00:01.0: Activating ISA DMA hang workarounds
[    1.877522] Unpacking initramfs...
[    2.088212] Freeing initrd memory: 15356K
[    2.116121] platform rtc_cmos: registered platform RTC device (no PNP device found)
[    2.131194] Scanning for low memory corruption every 60 seconds
[    2.144231] audit: initializing netlink subsys (disabled)
[    2.146063] audit: type=2000 audit(1542208863.509:1): initialized
[    2.148383] Initialise system trusted keyring
[    2.151279] HugeTLB registered 2 MB page size, pre-allocated 0 pages
[    2.155192] zbud: loaded
[    2.158468] VFS: Disk quotas dquot_6.6.0
[    2.159951] VFS: Dquot-cache hash table entries: 512 (order 0, 4096 bytes)
[    2.162401] squashfs: version 4.0 (2009/01/31) Phillip Lougher
[    2.166384] fuse init (API version 7.23)
[    2.167899] Key type big_key registered
[    2.169156] Allocating IMA MOK and blacklist keyrings.
[    2.182714] Key type asymmetric registered
[    2.184102] Asymmetric key parser 'x509' registered
[    2.185751] Block layer SCSI generic (bsg) driver version 0.4 loaded (major 249)
[    2.188231] io scheduler noop registered
[    2.189549] io scheduler deadline registered (default)
[    2.191215] io scheduler cfq registered
[    2.192618] pci_hotplug: PCI Hot Plug PCI Core version: 0.5
[    2.194445] pciehp: PCI Express Hot Plug Controller Driver version: 0.4
[    2.196583] ACPI: AC Adapter [AC] (on-line)
[    2.198091] input: Power Button as /devices/LNXSYSTM:00/LNXPWRBN:00/input/input0
[    2.200843] ACPI: Power Button [PWRF]
[    2.202213] input: Sleep Button as /devices/LNXSYSTM:00/LNXSLPBN:00/input/input1
[    2.204652] ACPI: Sleep Button [SLPF]
[    2.206395] GHES: HEST is not enabled!
[    2.207303] ACPI: Battery Slot [BAT0] (battery present)
[    2.210376] Serial: 8250/16550 driver, 32 ports, IRQ sharing enabled
[    2.234454] 00:02: ttyS0 at I/O 0x3f8 (irq = 4, base_baud = 115200) is a 16550A
[    2.329503] Linux agpgart interface v0.103
[    2.336573] loop: module loaded
[    2.342916] scsi host0: ata_piix
[    2.343633] scsi host1: ata_piix
[    2.345784] ata1: PATA max UDMA/33 cmd 0x1f0 ctl 0x3f6 bmdma 0xd000 irq 14
[    2.350252] ata2: PATA max UDMA/33 cmd 0x170 ctl 0x376 bmdma 0xd008 irq 15
[    2.351396] libphy: Fixed MDIO Bus: probed
[    2.357410] tun: Universal TUN/TAP device driver, 1.6
[    2.363494] tun: (C 199204 axKrasnyansky <maxk@qualcomm.com>
[    2.559830] PPP generic driver version 2.4.2
[    2.575230] ehci_hcd: USB 2.0 'Enhanced' Host Controller (EHCI) Driver
[    2.576241] ehci-pci: EHCI PCI platform driver
[    2.577061] ehci-platform: EHCI generic platform driver
[    2.643068] ohci_hcd: USB 1.1 'Open' Host Controller (OHCI) Driver
[    2.651420] ohci-pci: OHCI PCI platform driver
[    2.652183] ohci-platform: OHCI generic platform driver
[    2.653026] uhci_hcd: USB Universal Host Controller Interface driver
[    2.654116] i8042: PNP: PS/2 Controlle [PNP0303:PS2K,PNP0f03:PS2M] at 0x60,0x64 irq 1,12
[    2.677664] serio: i8042 KBD port at 0x60,0x64 irq 1
[    2.678488] serio: i8042 AUX port at 0x60,0x64 irq 12

[    2.679489] mousedev: PS/2 mouse device common for all mice
[    2.695059] input: AT Translated Set 2 keyboard as /devices/platform/i8042/serio0/input/input2
[    2.697825] rtc_cmos rtc_cmos: rtc core: registered rtc_cmos as rtc0
[    2.698893] rtc_cmos rtc_cmos: alarms up to one day, 114 bytes nvram
[    2.703333] i2c /dev entries driver
[    2.704049] device-mapper: uevent: version 1.0.3
[    2.706145] device-mapper: ioctl: 4.34.0-ioctl (2015-10-28) initialised: dm-devel@redhat.com
[    2.707586] ledtrig-cpu: registered to indicate activity on CPUs
[    2.708904] NET: Registered protocol family 10
[    2.824336] NET: Registered protocol family 17
[    2.961756] Key type dns_resolver registered
[    3.034479] registered taskstats version 1
[    3.035219] Loading compiled-in X.509 certificates
[    3.036530] Loaded X.509 cert 'Build time autogenerated kernel key: 9a104bc44b81e9426fe5c715e47d021d02d69eba'
[    3.125133] zswap: loaded using pool lzo/zbud
[    3.126088] tsc: Refined TSC clocksource calibration: 2810.170 MHz
[    3.126090] clocksource: tsc: mask: 0xffffffffffffffff max_cycles: 0x2881c82c4d3, max_idle_ns: 440795288821 ns
[    3.138687] Key type trusted registered
[    3.267811] Key type encrypted registered
[    3.280558] AppArmor: AppArmor sha1 policy hashing enabled
[    3.282232] ima: No TPM chip found, activating TPM-bypass!
[    3.283699] ima: Allocated hash algorithm: sha1
[    3.285044] evm: HMAC attrs: 0x1
[    3.292210]   Magic number: 10:943:335
[    3.294415] tty tty56: hash matches
[    3.299052] rtc_cmos rtc_cmos: setting system clock to 2018-11-14 15:21:00 UTC (1542208860)
[    3.300584] BIOS EDD facility v0.16 2004-Jun-25, 0 devices found
[    3.324507] EDD information not available.
[    3.346588] Freeing unused kernel memory: 1528K
[    3.365218] Write protecting the kernel read-only data: 14336k
[    3.375157] Freeing unused kernel memory: 1664K
[    3.376330] Freeing unused kernel memory: 92K
Loading, please wait...
starting version[    3.392347] random: systemd-udevd: uninitialized urandom read (16 bytes read, 3 bits of entropy available)
 229
[    3.392954] random: udevadm: uninitialized urandom read (16 bytes read, 3 bits of entropy available)
[    3.392975] random: udevadm: uninitialized urandom read (16 bytes read, 3 bits of entropy available)
[    3.402189] random: udevadm: uninitialized urandom read (16 bytes read, 3 bits of entropy available)
[    3.402247] random: udevadm: uninitialized urandom read (16 bytes read, 3 bits of entropy available)
[    3.402521] random: udevadm: uninitialized urandom read (16 bytes read, 3 bits of entropy available)
[    3.402583] random: udevadm: uninitialized urandom read (16 bytes read, 3 bits of entropy available)
[    3.402637] random: udevadm: uninitialized urandom read (16 bytes read, 3 bits of entropy available)
[    3.402691] random: udevadm: uninitialized urandom read (16 bytes read, 3 bits of entropy available)
[    3.402742] random: udevadm: uninitialized urandom read (16 bytes read, 3 bits of entropy available)
[    3.500257] e1000: Intel(R) PRO/1000 Network Driver - version 7.3.21-k8-NAPI
[    3.502150] e1000: Copyright (c) 1999-2006 Intel Corporation.
[    3.511913] Fusion MPT base driver 3.04.20
[    3.522256] Copyright (c) 1999-2008 LSI Corporation
[    3.534107] Fusion MPT SPI Host driver 3.04.20
[    3.559495] AVX2 version of gcm_enc/dec engaged.
[    3.561084] AES CTR mode by8 optimization enabled
[    3.733188] input: ImExPS/2 Generic Explorer Mouse as /devices/platform/i8042/serio1/input/input4
[    3.890151] e1000 0000:00:03.0 eth0: (PCI:33MHz:32-bit) 02:39:99:10:d1:5e
[    3.892222] e1000 0000:00:03.0 eth0: Intel(R) PRO/1000 Network Connection
[    4.264606] e1000 0000:00:08.0 eth1: (PCI:33MHz:32-bit) 08:00:27:05:15:f6
[    4.311398] e1000 0000:00:08.0 eth1: Intel(R) PRO/1000 Network Connection
[    4.318319] mptbase: ioc0: Initiating bringup
[    4.327186] e1000 0000:00:03.0 enp0s3: renamed from eth0
[    4.337679] e1000 0000:00:08.0 enp0s8: renamed from eth1
[    4.665438] ioc0: LSI53C1030 A0: Capabilities={Initiator}
[    4.842575] scsi host2: ioc0: LSI53C1030 A0, FwRev=00000000h, Ports=1, MaxQ=256, IRQ=20
[    4.953894] scsi 2:0:0:0: Direct-Access     VBOX     HARDDISK         1.0  PQ: 0 ANSI: 5
[    4.960987] scsi target2:0:0: Beginning Domain Validation
[    4.965134] scsi target2:0:0: Domain Validation skipping write tests
[    4.967477] scsi target2:0:0: Ending Domain Validation
[    4.968519] scsi target2:0:0: asynchronous
[    5.122282] scsi 2:0:1:0: Direct-Access     VBOX     HARDDISK         1.0  PQ: 0 ANSI: 5
[    5.266406] scsi target2:0:1: Beginning Domain Validation
[    5.268894] scsi target2:0:1: Domain Validation skipping write tests
[    5.271053] scsi target2:0:1: Ending Domain Validation
[    5.272752] scsi target2:0:1: asynchronous
[    5.279663] sd 2:0:0:0: Attached scsi generic sg0 type 0
[    5.281422] sd 2:0:1:0: Attached scsi generic sg1 type 0
[    5.285056] sd 2:0:0:0: [sda] 20971520 512-byte logical blocks: (10.7 GB/10.0 GiB)
[    5.285670] sd 2:0:1:0: [sdb] 20480 512-byte logical blocks: (10.5 MB/10.0 MiB)
[    5.286685] sd 2:0:1:0: [sdb] Write Protect is off
[    5.286838] sd 2:0:1:0: [sdb] Incomplete mode parameter data
[    5.286840] sd 2:0:1:0: [sdb] Assuming drive cache: write through
[    5.289764] sd 2:0:1:0: [sdb] Attached SCSI disk
[    5.298286] sd 2:0:0:0: [sda] Write Protect is off
[    5.300130] sd 2:0:0:0: [sda] Incomplete mode parameter data
[    5.303867] sd 2:0:0:0: [sda] Assuming drive cache: write through
[    5.308447]  sda: sda1
[    5.315868] sd 2:0:0:0: [sda] Attached SCSI disk
Begin: Loading e[    6.780451] md: linear personality registered for level -1
ssential drivers ... [    6.790046] md: multipath personality registered for level -4
[    6.794077] md: raid0 personality registered for level 0
[    6.798559] md: raid1 personality registered for level 1
[    6.869331] raid6: sse2x1   gen()  7058 MB/s
[    6.938300] raid6: sse2x1   xor()  7658 MB/s
[    7.025222] raid6: sse2x2   gen() 13077 MB/s
[    7.101333] raid6: sse2x2   xor()  8226 MB/s
[    7.181681] raid6: sse2x4   gen() 12559 MB/s
[    7.661304] raid6: sse2x4   xor()  5817 MB/s
[    7.758405] raid6: avx2x1   gen() 19022 MB/s
[    8.137218] raid6: avx2x2   gen() 23660 MB/s
[    8.510493] raid6: avx2x4   gen() 26635 MB/s
[    8.534618] raid6: using algorithm avx2x4 gen() 26635 MB/s
[    8.536326] raid6: using avx2x2 recovery algorithm
[    8.567202] xor: automatically using best checksumming function:
[    8.613215]    avx       : 17782.000 MB/sec
[    8.616172] async_tx: api initialized (async)
[    8.649191] md: raid6 personality registered for level 6
[    8.655682] md: raid5 personality registered for level 5
[    8.656736] md: raid4 personality registered for level 4
[    8.669095] md: raid10 personality registered for level 10
done.
Begin: Running /scripts/init-premount ... done.
Begin: Mounting root file system ... Begin: Running /scripts/local-top ... done.
Begin: Running /scripts/local-premount ... [    8.719657] Btrfs loaded
Scanning for Btrfs filesystems
done.
Warning: fsck not present, so skipping root file system
[    8.833297] EXT4-fs (sda1): INFO: recovery required on readonly filesystem
[    8.835393] EXT4-fs (sda1): write access will be enabled during recovery
[    8.897687] EXT4-fs (sda1): orphan cleanup on readonly fs
[    8.904276] EXT4-fs (sda1): 5 orphan inodes deleted
[    9.103336] EXT4-fs (sda1): recovery complete
[    9.105736] EXT4-fs (sda1): mounted filesystem with ordered data mode. Opts: (null)
done.
Begin: Running /scripts/local-bottom ... done.
Begin: Running /scripts/init-bottom ... done.
[    9.218922] systemd[1]: systemd 229 running in system mode. (+PAM +AUDIT +SELINUX +IMA +APPARMOR +SMACK +SYSVINIT +UTMP +LIBCRYPTSETUP +GCRYPT +GNUTLS +ACL +XZ -LZ4 +SECCOMP +BLKID +ELFUTILS +KMOD -IDN)
[    9.249026] systemd[1]: Detected virtualization oracle.
[    9.250080] systemd[1]: Detected architecture x86-64.

Welcome to [1mUbuntu 16.04.4 LTS[0m!

[    9.264195] systemd[1]: Set hostname to <vagrant2>.
[    9.370136] random: nonblocking pool is initialized
[    9.406407] systemd[1]: Listening on LVM2 metadata daemon socket.
[[0;32m  OK  [0m] Listening on LVM2 metadata daemon socket.
[    9.501376] systemd[1]: Reached target Encrypted Volumes.
[[0;32m  OK  [0m] Reached target Encrypted Volumes.
[    9.533425] systemd[1]: Listening on udev Kernel Socket.
[[0;32m  OK  [0m] Listening on udev Kernel Socket.
[    9.539293] systemd[1]: Listening on Syslog Socket.
[[0;32m  OK  [0m] Listening on Syslog Socket.
[    9.565615] systemd[1]: Created slice User and Session Slice.
[[0;32m  OK  [0m] Created slice User and Session Slice.
[    9.585445] systemd[1]: Listening on Device-mapper event daemon FIFOs.
[[0;32m  OK  [0m] Listening on Device-mapper event daemon FIFOs.
[    9.621076] systemd[1]: Listening on /dev/initctl Compatibility Named Pipe.
[[0;32m  OK  [0m] Listening on /dev/initctl Compatibility Named Pipe.
[    9.645398] systemd[1]: Reached target User and Group Name Lookups.
[[0;32m  OK  [0m] Reached target User and Group Name Lookups.
[    9.659086] systemd[1]: Reached target Swap.
[[0;32m  OK  [0m] Reached target Swap.
[    9.674763] systemd[1]: Listening on Journal Socket (/dev/log).
[[0;32m  OK  [0m] Listening on Journal Socket (/dev/log).
[    9.704661] systemd[1]: Reached target System Time Synchronized.
[[0;32m  OK  [0m] Reached target System Time Synchronized.
[    9.716615] systemd[1]: Started Forward Password Requests to Wall Directory Watch.
[[0;32m  OK  [0m] Started Forward Password Requests to Wall Directory Watch.
[    9.726518] systemd[1]: Listening on udev Control Socket.
[[0;32m  OK  [0m] Listening on udev Control Socket.
[    9.732587] systemd[1]: Set up automount Arbitrary Executable File Formats File System Automount Point.
[[0;32m  OK  [0m] Set up automount Arbitrary Executab...ats File System Automount Point.
[    9.745642] systemd[1]: Listening on LVM2 poll daemon socket.
[[0;32m  OK  [0m] Listening on LVM2 poll daemon socket.
[    9.761019] systemd[1]: Listening on Journal Socket.
[[0;32m  OK  [0m] Listening on Journal Socket.
[    9.776445] systemd[1]: Started Trigger resolvconf update for networkd DNS.
[[0;32m  OK  [0m] Started Trigger resolvconf update for networkd DNS.
[    9.797764] systemd[1]: Created slice System Slice.
[[0;32m  OK  [0m] Created slice System Slice.
[    9.821959] systemd[1]: Starting Nameserver information manager...
         Starting Nameserver information manager...
[    9.840586] systemd[1]: Reached target Slices.
[[0;32m  OK  [0m] Reached target Slices.
[    9.854149] systemd[1]: Mounting POSIX Message Queue File System...
         Mounting POSIX Message Queue File System...
[    9.921409] systemd[1]: Starting Monitoring of LVM2 mirrors, snapshots etc. using dmeventd or progress polling...
         Starting Monitoring of LVM2 mirrors... dmeventd or progress polling...
[   10.029398] systemd[1]: Starting Remount Root and Kernel File Systems...
[   10.032284] EXT4-fs (sda1): re-mounted. Opts: (null)
         Starting Remount Root and Kernel File Systems...
[   10.041016] systemd[1]: Starting Create list of required static device nodes for the current kernel...
         Starting Create list of required st... nodes for the current kernel...
[   10.097385] systemd[1]: Starting Set console keymap...
         Starting Set console keymap...
[   10.107086] systemd[1]: Mounting Huge Pages File System...
         Mounting Huge Pages File System...
[   10.119651] systemd[1]: Starting Load Kernel Modules...
         Starting Load Kernel Modules...
[   10.124364] systemd[1]: Starting Uncomplicated firewall...
         Starting Uncomplicated firewall...
[   10.131566] systemd[1]: Created slice system-serial\x2dgetty.slice.
[[0;32m  OK  [0m] Created slice system-serial\x2dgetty.slice.
[   10.142355] systemd[1]: Mounting Debug File System...
[   10.146516] Loading iSCSI transport class v2.0-870.
         Mounting Debug File System...
[   10.148781] systemd[1]: Listening on Journal Audit Socket.
[[0;32m  OK  [0m] Listening on Journal Audit Socket.
[   10.156384] systemd[1]: Starting Journal Service...
         Starting Journal Service...
[   10.163197] systemd[1]: Mounted Debug File System.
[[0;32m  OK  [0m] Mounted Debug File System.
[   10.166388] systemd[1]: Mounted POSIX Message Queue File System.
[[0;32m  OK  [0m] Mounted POSIX Message Queue File System.
[   10.169880] systemd[1]: Mounted Huge Pages File System.
[   10.169968] iscsi: registered transport (tcp)
[[0;32m  OK  [0m] Mounted Huge Pages File System.
[   10.175685] systemd[1]: Started Remount Root and Kernel File Systems.
[[0;32m  OK  [0m] Started Remount Root and Kernel File Systems.
[   10.185992] systemd[1]: Started Create list of required static device nodes for the current kernel.
[[0;32m  OK  [0m] Started Create list of required sta...ce nodes for the current kernel.
[   10.193864] systemd[1]: Started Set console keymap.
[[0;32m  OK  [0m] Started Set console keymap.
[   10.198028] systemd[1]: Started Uncomplicated firewall.
[[0;32m  OK  [0m] Started Uncomplicated firewall.
[   10.212198] iscsi: registered transport (iser)
[   10.214508] systemd[1]: Started Nameserver information manager.
[[0;32m  OK  [0m] Started Nameserver information manager.
[   10.233986] systemd[1]: Started Load Kernel Modules.
[[0;32m  OK  [0m] Started Load Kernel Modules.
[   10.248474] systemd[1]: Started Journal Service.
[[0;32m  OK  [0m] Started Journal Service.
[[0;32m  OK  [0m] Started LVM2 metadata daemon.
         Starting Apply Kernel Variables...
         Mounting FUSE Control File System...
         Starting Create Static Device Nodes in /dev...
         Starting Initial cloud-init job (pre-networking)...
         Starting Flush Journal to Persistent Storage...
         Starting udev Coldplug all Devices...
         Starting Load/Save Random Seed...
[[0;32m  OK  [0m] Mounted FUSE Control File System.
[[0;32m  OK  [0m] Started Apply Kernel Variables.
[[0;32m  OK  [0m] Started Create Static Device Nodes in /dev.
[[0;32m  OK  [0m] Started Load/Save Random Seed.
[[0;32m  OK  [0m] Started Flush Journal to Persistent Storage.
         Starting udev Kernel Device Manager...
[[0;32m  OK  [0m] Started udev Coldplug all Devices.
[[0;32m  OK  [0m] Started udev Kernel Device Manager.
[[0;32m  OK  [0m] Started Dispatch Password Requests to Console Directory Watch.
[[0;32m  OK  [0m] Started Monitoring of LVM2 mirrors,...ng dmeventd or progress polling.
[[0;32m  OK  [0m] Found device /dev/ttyS0.
[[0;32m  OK  [0m] Reached target Local File Systems (Pre).
[[0;32m  OK  [0m] Reached target Local File Systems.
         Starting Tell Plymouth To Write Out Runtime Data...
         Starting Create Volatile Files and Directories...
         Starting Set console font and keymap...
         Starting LSB: AppArmor initialization...
[[0;32m  OK  [0m] Started Tell Plymouth To Write Out Runtime Data.
[[0;32m  OK  [0m] Started Create Volatile Files and Directories.
         Starting Update UTMP about System Boot/Shutdown...
[[0;32m  OK  [0m] Started Update UTMP about System Boot/Shutdown.
[[0;32m  OK  [0m] Started LSB: AppArmor initialization.
[[0;32m  OK  [0m] Listening on Load/Save RF Kill Switch Status /dev/rfkill Watch.
[[0;32m  OK  [0m] Found device 82540EM Gigabit Ethern...r (PRO/1000 MT Desktop Adapter).
[   10.162750] cloud-init[445]: Cloud-init v. 17.2 running 'init-local' at Wed, 14 Nov 2018 15:21:08 +0000. Up 9.78 seconds.
[[0;32m  OK  [0m] Found device 82540EM Gigabit Ethern...r (PRO/1000 MT Desktop Adapter).
[[0;32m  OK  [0m] Started Initial cloud-init job (pre-networking).
[[0;32m  OK  [0m] Started Set console font and keymap.
[[0;32m  OK  [0m] Created slice system-getty.slice.
[[0;32m  OK  [0m] Reached target Network (Pre).
         Starting Raise network interfaces...
[[0;32m  OK  [0m] Started ifup for enp0s3.
[[0;32m  OK  [0m] Started ifup for enp0s8.
[[0;32m  OK  [0m] Started Raise network interfaces.
[[0;32m  OK  [0m] Reached target Network.
         Starting Initial cloud-init job (metadata service crawler)...
[   11.698101] cloud-init[1033]: Cloud-init v. 17.2 running 'init' at Wed, 14 Nov 2018 15:21:09 +0000. Up 11.33 seconds.
[   11.701014] cloud-init[1033]: ci-info: ++++++++++++++++++++++++++++++++++++++Net device info++++++++++++++++++++++++++++++++++++++
[   11.703970] cloud-init[1033]: ci-info: +--------+------+-----------------------------+---------------+-------+-------------------+
[   11.712298] cloud-init[1033]: ci-info: | Device |  Up  |           Address           |      Mask     | Scope |     Hw-Address    |
[   11.716230] cloud-init[1033]: ci-info: +--------+------+-----------------------------+---------------+-------+-------------------+
[   11.724284] cloud-init[1033]: ci-info: | enp0s3 | True |          10.0.2.15          | 255.255.255.0 |   .   | 02:39:99:10:d1:5e |
[   11.728223] cloud-init[1033]: ci-info: | enp0s3 | True |  fe80::39:99ff:fe10:d15e/64 |       .       |  link | 02:39:99:10:d1:5e |
[   11.737181] cloud-init[1033]: ci-info: | enp0s8 | True |         192.168.10.3        | 255.255.255.0 |   .   | 08:00:27:05:15:f6 |
[   11.745425] cloud-init[1033]: ci-info: | enp0s8 | True | fe80::a00:27ff:fe05:15f6/64 |       .       |  link | 08:00:27:05:15:f6 |
[   11.749062] cloud-init[1033]: ci-info: |   lo   | True |          127.0.0.1          |   255.0.0.0   |   .   |         .         |
[   11.751683] cloud-init[1033]: ci-info: |   lo   | True |           ::1/128           |       .       |  host |         .         |
[   11.754272] cloud-init[1033]: ci-info: +--------+------+-----------------------------+---------------+-------+-------------------+
[   11.756839] cloud-init[1033]: ci-info: ++++++++++++++++++++++++++++Route IPv4 info++++++++++++++++++++++++++++
[   11.759123] cloud-init[1033]: ci-info: +-------+--------------+----------+---------------+-----------+-------+
[   11.761395] cloud-init[1033]: ci-info: | Route | Destination  | Gateway  |    Genmask    | Interface | Flags |
[   11.763689] cloud-init[1033]: ci-info: +-------+--------------+----------+---------------+-----------+-------+
[   11.766322] cloud-init[1033]: ci-info: |   0   |   0.0.0.0    | 10.0.2.2 |    0.0.0.0    |   enp0s3  |   UG  |
[   11.771231] cloud-init[1033]: ci-info: |   1   |   10.0.2.0   | 0.0.0.0  | 255.255.255.0 |   enp0s3  |   U   |
[   11.777293] cloud-init[1033]: ci-info: |   2   | 192.168.10.0 | 0.0.0.0  | 255.255.255.0 |   enp0s8  |   U   |
[   11.783247] cloud-init[1033]: ci-info: +-------+--------------+----------+---------------+-----------+-------+
[[0;32m  OK  [0m] Started Initial cloud-init job (metadata service crawler).
[[0;32m  OK  [0m] Reached target System Initialization.
         Starting Socket activation for snappy daemon.
[[0;32m  OK  [0m] Started ACPI Events Check.
[[0;32m  OK  [0m] Reached target Paths.
[[0;32m  OK  [0m] Started Daily Cleanup of Temporary Directories.
[[0;32m  OK  [0m] Started Daily apt download activities.
[[0;32m  OK  [0m] Started Daily apt upgrade and clean activities.
[[0;32m  OK  [0m] Listening on ACPID Listen Socket.
[[0;32m  OK  [0m] Listening on D-Bus System Message Bus Socket.
         Starting LXD - unix socket.
[[0;32m  OK  [0m] Listening on UUID daemon activation socket.
[[0;32m  OK  [0m] Started Timer to automatically refresh installed snaps.
[[0;32m  OK  [0m] Reached target Timers.
[[0;32m  OK  [0m] Reached target Cloud-config availability.
[[0;32m  OK  [0m] Reached target Network is Online.
         Starting iSCSI initiator daemon (iscsid)...
[[0;32m  OK  [0m] Listening on Socket activation for snappy daemon.
[[0;32m  OK  [0m] Listening on LXD - unix socket.
[[0;32m  OK  [0m] Reached target Sockets.
[[0;32m  OK  [0m] Reached target Basic System.
[[0;32m  OK  [0m] Started Regular background program processing daemon.
         Starting Virtualbox guest utils...
[[0;32m  OK  [0m] Started ACPI event daemon.
         Starting LXD - container startup/shutdown...
         Starting Accounts Service...
         Starting /etc/rc.local Compatibility...
         Starting LSB: MD monitoring daemon...
[[0;32m  OK  [0m] Started D-Bus System Message Bus.
[[0;32m  OK  [0m] Started Deferred execution scheduler.
[[0;32m  OK  [0m] Started Unattended Upgrades Shutdown.
         Starting System Logging Service...
         Starting Login Service...
         Starting LSB: Record successful boot for GRUB...
         Starting OpenBSD Secure Shell server...
         Starting MySQL Community Server...
         Starting Snappy daemon...
[[0;32m  OK  [0m] Started FUSE filesystem for LXC.
         Starting Apply the settings specified in cloud-config...
[[0;32m  OK  [0m] Started System Logging Service.
[[0;32m  OK  [0m] Started iSCSI initiator daemon (iscsid).
[[0;32m  OK  [0m] Started LXD - container startup/shutdown.
[[0;32m  OK  [0m] Started /etc/rc.local Compatibility.
[[0;32m  OK  [0m] Started OpenBSD Secure Shell server.
[[0;32m  OK  [0m] Started Virtualbox guest utils.
[[0;32m  OK  [0m] Started LSB: MD monitoring daemon.
[[0;32m  OK  [0m] Started LSB: Record successful boot for GRUB.
[[0;32m  OK  [0m] Started Snappy daemon.
         Starting Authenticate and Authorize Users to Run Privileged Tasks...
         Starting Login to default iSCSI targets...
[[0;32m  OK  [0m] Started Login Service.
[[0;32m  OK  [0m] Started Authenticate and Authorize Users to Run Privileged Tasks.
[[0;32m  OK  [0m] Started Accounts Service.
[[0;32m  OK  [0m] Started Login to default iSCSI targets.
[[0;32m  OK  [0m] Reached target Remote File Systems (Pre).
[[0;32m  OK  [0m] Reached target Remote File Systems.
         Starting Permit User Sessions...
         Starting LSB: automatic crash report generation...
         Starting LSB: daemon to balance interrupts for SMP systems...
         Starting LSB: Set the CPU Frequency Scaling governor to "ondemand"...
[[0;32m  OK  [0m] Started Permit User Sessions.
         Starting Hold until boot process finishes up...
         Starting Terminate Plymouth Boot Screen...
[[0;32m  OK  [0m] Started LSB: automatic crash report generation.
[[0;32m  OK  [0m] Started LSB: daemon to balance interrupts for SMP systems.
[   12.737057] cloud-init[1147]: Cloud-init v. 17.2 running 'modules:config' at Wed, 14 Nov 2018 15:21:11 +0000. Up 12.57 seconds.
[[0;32m  OK  [0m] Started LSB: Set the CPU Frequency Scaling governor to "ondemand".
[[0;32m  OK  [0m] Started Apply the settings specified in cloud-config.
[[0;32m  OK  [0m] Started Hold until boot process finishes up.
[[0;32m  OK  [0m] Started Terminate Plymouth Boot Screen.
         Starting Set console scheme...
[[0;32m  OK  [0m] Started Serial Getty on ttyS0.
[[0;32m  OK  [0m] Started Getty on tty1.
[[0;32m  OK  [0m] Reached target Login Prompts.
[[0;32m  OK  [0m] Started Set console scheme.
[[0;32m  OK  [0m] Started MySQL Community Server.
[[0;32m  OK  [0m] Reached target Multi-User System.
[[0;32m  OK  [0m] Reached target Graphical Interface.
         Starting Update UTMP about System Runlevel Changes...
         Starting Execute cloud user/final scripts...
[[0;32m  OK  [0m] Started Update UTMP about System Runlevel Changes.
[   13.679276] cloud-init[1309]: Cloud-init v. 17.2 running 'modules:final' at Wed, 14 Nov 2018 15:21:12 +0000. Up 13.58 seconds.
[   13.713554] cloud-init[1309]: Cloud-init v. 17.2 finished at Wed, 14 Nov 2018 15:21:12 +0000. Datasource DataSourceNoCloud [seed=/dev/sdb][dsmode=net].  Up 13.67 seconds
[[0;32m  OK  [0m] Started Execute cloud user/final scripts.
[[0;32m  OK  [0m] Reached target Cloud-init target.
         Starting Daily apt download activities...
[[0;32m  OK  [0m] Created slice User Slice of vagrant.
         Starting User Manager for UID 1000...
[[0;32m  OK  [0m] Started Session 1 of user vagrant.
[[0;32m  OK  [0m] Started User Manager for UID 1000.

Ubuntu 16.04.4 LTS vagrant2 ttyS0

vagrant2 login: 